  Determining projects to restore...
  All projects are up-to-date for restore.
  BookStore.Playwright -> D:\HSU\HK4\Phat Trien Web\Final\BookStore.Playwright\bin\Debug\net8.0\BookStore.Playwright.dll
Test run for D:\HSU\HK4\Phat Trien Web\Final\BookStore.Playwright\bin\Debug\net8.0\BookStore.Playwright.dll (.NETCoreApp,Version=v8.0)
VSTest version 18.0.1 (x64)

Starting test execution, please wait...
A total of 1 test files matched the specified pattern.
  Failed DT_E2E_Product_R1_NoFile_ValidData_ShouldInsert [9 s]
  Error Message:
     R1: Kh├┤ng file + data hß╗úp lß╗ç ΓåÆ INSERT th├ánh c├┤ng
Assert.That(Page.Url, Does.Not.Contain("Create"))
  Expected: not String containing "Create"
  But was:  "https://localhost:7216/Admin/Products/Create"

  Stack Trace:
     at BookStore.Playwright.DecisionTableProductE2ETests.DT_E2E_Product_R1_NoFile_ValidData_ShouldInsert() in D:\HSU\HK4\Phat Trien Web\Final\BookStore.Playwright\DecisionTableE2ETests.cs:line 194
   at NUnit.Framework.Internal.TaskAwaitAdapter.GenericAdapter`1.BlockUntilCompleted()
   at NUnit.Framework.Internal.MessagePumpStrategy.NoMessagePumpStrategy.WaitForCompletion(AwaitAdapter awaiter)
   at NUnit.Framework.Internal.AsyncToSyncAdapter.Await[TResult](Func`1 invoke)
   at NUnit.Framework.Internal.AsyncToSyncAdapter.Await(Func`1 invoke)
   at NUnit.Framework.Internal.Commands.TestMethodCommand.RunTestMethod(TestExecutionContext context)
   at NUnit.Framework.Internal.Commands.TestMethodCommand.Execute(TestExecutionContext context)
   at NUnit.Framework.Internal.Commands.BeforeAndAfterTestCommand.<>c__DisplayClass1_0.<Execute>b__0()
   at NUnit.Framework.Internal.Commands.DelegatingTestCommand.RunTestMethodInThreadAbortSafeZone(TestExecutionContext context, Action action)

1)    at BookStore.Playwright.DecisionTableProductE2ETests.DT_E2E_Product_R1_NoFile_ValidData_ShouldInsert() in D:\HSU\HK4\Phat Trien Web\Final\BookStore.Playwright\DecisionTableE2ETests.cs:line 194


  Failed TC_P01_CreateProduct_NoImage_ShouldSucceed [10 s]
  Error Message:
     Tß║ío SP phß║úi redirect vß╗ü Index
Assert.That(isSuccess, Is.True)
  Expected: True
  But was:  False

  Stack Trace:
     at BookStore.Playwright.AdminProductTests.TC_P01_CreateProduct_NoImage_ShouldSucceed() in D:\HSU\HK4\Phat Trien Web\Final\BookStore.Playwright\AdminProductTests.cs:line 58
   at NUnit.Framework.Internal.TaskAwaitAdapter.GenericAdapter`1.BlockUntilCompleted()
   at NUnit.Framework.Internal.MessagePumpStrategy.NoMessagePumpStrategy.WaitForCompletion(AwaitAdapter awaiter)
   at NUnit.Framework.Internal.AsyncToSyncAdapter.Await[TResult](Func`1 invoke)
   at NUnit.Framework.Internal.AsyncToSyncAdapter.Await(Func`1 invoke)
   at NUnit.Framework.Internal.Commands.TestMethodCommand.RunTestMethod(TestExecutionContext context)
   at NUnit.Framework.Internal.Commands.TestMethodCommand.Execute(TestExecutionContext context)
   at NUnit.Framework.Internal.Commands.BeforeAndAfterTestCommand.<>c__DisplayClass1_0.<Execute>b__0()
   at NUnit.Framework.Internal.Commands.DelegatingTestCommand.RunTestMethodInThreadAbortSafeZone(TestExecutionContext context, Action action)

1)    at BookStore.Playwright.AdminProductTests.TC_P01_CreateProduct_NoImage_ShouldSucceed() in D:\HSU\HK4\Phat Trien Web\Final\BookStore.Playwright\AdminProductTests.cs:line 58


  Failed TC_L01_Login_ValidCustomer_ShouldRedirectToProducts [11 s]
  Error Message:
   Microsoft.Playwright.PlaywrightException : Locator expected to be visible 
Call log:
  - LocatorAssertions.ToBeVisibleAsync with timeout 5000ms
  - waiting for Locator("a[href*='Logout'], a:has-text('─É─âng xuß║Ñt'), a:has-text('Logout')").First
  Stack Trace:
     at Microsoft.Playwright.Core.AssertionsBase.ExpectImplAsync(String expression, FrameExpectOptions expectOptions, Object expected, String message) in /_/src/Playwright/Core/AssertionsBase.cs:line 84
   at Microsoft.Playwright.Core.AssertionsBase.ExpectImplAsync(String expression, ExpectedTextValue[] expectedText, Object expected, String message, FrameExpectOptions options) in /_/src/Playwright/Core/AssertionsBase.cs:line 64
   at BookStore.Playwright.LoginRegisterTests.TC_L01_Login_ValidCustomer_ShouldRedirectToProducts() in D:\HSU\HK4\Phat Trien Web\Final\BookStore.Playwright\LoginRegisterTests.cs:line 60
   at NUnit.Framework.Internal.TaskAwaitAdapter.GenericAdapter`1.BlockUntilCompleted()
   at NUnit.Framework.Internal.MessagePumpStrategy.NoMessagePumpStrategy.WaitForCompletion(AwaitAdapter awaiter)
   at NUnit.Framework.Internal.AsyncToSyncAdapter.Await[TResult](Func`1 invoke)
   at NUnit.Framework.Internal.AsyncToSyncAdapter.Await(Func`1 invoke)
   at NUnit.Framework.Internal.Commands.TestMethodCommand.RunTestMethod(TestExecutionContext context)
   at NUnit.Framework.Internal.Commands.TestMethodCommand.Execute(TestExecutionContext context)
   at NUnit.Framework.Internal.Commands.BeforeAndAfterTestCommand.<>c__DisplayClass1_0.<Execute>b__0()
   at NUnit.Framework.Internal.Commands.DelegatingTestCommand.RunTestMethodInThreadAbortSafeZone(TestExecutionContext context, Action action)

  Failed DT_E2E_Login_R2_WrongCredentials_ShouldShowError [7 s]
  Error Message:
   Microsoft.Playwright.PlaywrightException : Locator expected to be visible 
Call log:
  - LocatorAssertions.ToBeVisibleAsync with timeout 5000ms
  - waiting for Locator(".validation-summary-errors, .text-danger").First
  -   locator resolved to <span data-valmsg-for="UserName" data-valmsg-replace="true" class="text-danger small field-validation-valid"></span>
  -   unexpected value "hidden"
  -   locator resolved to <span data-valmsg-for="UserName" data-valmsg-replace="true" class="text-danger small field-validation-valid"></span>
  -   unexpected value "hidden"
  -   locator resolved to <span data-valmsg-for="UserName" data-valmsg-replace="true" class="text-danger small field-validation-valid"></span>
  -   unexpected value "hidden"
  -   locator resolved to <span data-valmsg-for="UserName" data-valmsg-replace="true" class="text-danger small field-validation-valid"></span>
  -   unexpected value "hidden"
  -   locator resolved to <span data-valmsg-for="UserName" data-valmsg-replace="true" class="text-danger small field-validation-valid"></span>
  -   unexpected value "hidden"
  -   locator resolved to <span data-valmsg-for="UserName" data-valmsg-replace="true" class="text-danger small field-validation-valid"></span>
  -   unexpected value "hidden"
  -   locator resolved to <span data-valmsg-for="UserName" data-valmsg-replace="true" class="text-danger small field-validation-valid"></span>
  -   unexpected value "hidden"
  -   locator resolved to <span data-valmsg-for="UserName" data-valmsg-replace="true" class="text-danger small field-validation-valid"></span>
  -   unexpected value "hidden"
  -   locator resolved to <span data-valmsg-for="UserName" data-valmsg-replace="true" class="text-danger small field-validation-valid"></span>
  -   unexpected value "hidden"
  Stack Trace:
     at Microsoft.Playwright.Core.AssertionsBase.ExpectImplAsync(String expression, FrameExpectOptions expectOptions, Object expected, String message) in /_/src/Playwright/Core/AssertionsBase.cs:line 84
   at Microsoft.Playwright.Core.AssertionsBase.ExpectImplAsync(String expression, ExpectedTextValue[] expectedText, Object expected, String message, FrameExpectOptions options) in /_/src/Playwright/Core/AssertionsBase.cs:line 64
   at BookStore.Playwright.DecisionTableLoginE2ETests.DT_E2E_Login_R2_WrongCredentials_ShouldShowError() in D:\HSU\HK4\Phat Trien Web\Final\BookStore.Playwright\DecisionTableE2ETests.cs:line 56
   at NUnit.Framework.Internal.TaskAwaitAdapter.GenericAdapter`1.BlockUntilCompleted()
   at NUnit.Framework.Internal.MessagePumpStrategy.NoMessagePumpStrategy.WaitForCompletion(AwaitAdapter awaiter)
   at NUnit.Framework.Internal.AsyncToSyncAdapter.Await[TResult](Func`1 invoke)
   at NUnit.Framework.Internal.AsyncToSyncAdapter.Await(Func`1 invoke)
   at NUnit.Framework.Internal.Commands.TestMethodCommand.RunTestMethod(TestExecutionContext context)
   at NUnit.Framework.Internal.Commands.TestMethodCommand.Execute(TestExecutionContext context)
   at NUnit.Framework.Internal.Commands.BeforeAndAfterTestCommand.<>c__DisplayClass1_0.<Execute>b__0()
   at NUnit.Framework.Internal.Commands.DelegatingTestCommand.RunTestMethodInThreadAbortSafeZone(TestExecutionContext context, Action action)

  Failed DT_E2E_Login_R3_LockedAccount_ShouldShowLockMessage [3 s]
  Error Message:
     Phß║úi hiß╗çn th├┤ng b├ío t├ái khoß║ún bß╗ï kho├í
Assert.That(content.Contains("kho├í") || content.Contains("kh├│a"), Is.True)
  Expected: True
  But was:  False

  Stack Trace:
     at BookStore.Playwright.DecisionTableLoginE2ETests.DT_E2E_Login_R3_LockedAccount_ShouldShowLockMessage() in D:\HSU\HK4\Phat Trien Web\Final\BookStore.Playwright\DecisionTableE2ETests.cs:line 76
   at NUnit.Framework.Internal.TaskAwaitAdapter.GenericAdapter`1.BlockUntilCompleted()
   at NUnit.Framework.Internal.MessagePumpStrategy.NoMessagePumpStrategy.WaitForCompletion(AwaitAdapter awaiter)
   at NUnit.Framework.Internal.AsyncToSyncAdapter.Await[TResult](Func`1 invoke)
   at NUnit.Framework.Internal.AsyncToSyncAdapter.Await(Func`1 invoke)
   at NUnit.Framework.Internal.Commands.TestMethodCommand.RunTestMethod(TestExecutionContext context)
   at NUnit.Framework.Internal.Commands.TestMethodCommand.Execute(TestExecutionContext context)
   at NUnit.Framework.Internal.Commands.BeforeAndAfterTestCommand.<>c__DisplayClass1_0.<Execute>b__0()
   at NUnit.Framework.Internal.Commands.DelegatingTestCommand.RunTestMethodInThreadAbortSafeZone(TestExecutionContext context, Action action)

1)    at BookStore.Playwright.DecisionTableLoginE2ETests.DT_E2E_Login_R3_LockedAccount_ShouldShowLockMessage() in D:\HSU\HK4\Phat Trien Web\Final\BookStore.Playwright\DecisionTableE2ETests.cs:line 76


  Failed TC_C06_Checkout_Success_COD [15 s]
  Error Message:
   System.TimeoutException : Timeout 10000ms exceeded.
Call log:
  - waiting for Locator("button[type='submit']:has-text('─Éß║╖t h├áng'), button[type='submit']:has-text('Thanh to├ín'), button[type='submit']").Last
  -   locator resolved to <button type="submit" b-p8tb5v4h0e="" class="dropdown-item py-2 text-danger">ΓÇª</button>
  - attempting click action
  -   waiting for element to be visible, enabled and stable
  -   element is not visible
  - retrying click action, attempt #1
  -   waiting for element to be visible, enabled and stable
  -   element is not visible
  - retrying click action, attempt #2
  -   waiting 20ms
  -   waiting for element to be visible, enabled and stable
  -   element is not visible
  - retrying click action, attempt #3
  -   waiting 100ms
  -   waiting for element to be visible, enabled and stable
  -   element is not visible
  - retrying click action, attempt #4
  -   waiting 100ms
  -   waiting for element to be visible, enabled and stable
  -   element is not visible
  - retrying click action, attempt #5
  -   waiting 500ms
  -   waiting for element to be visible, enabled and stable
  -   element is not visible
  - retrying click action, attempt #6
  -   waiting 500ms
  -   waiting for element to be visible, enabled and stable
  -   element is not visible
  - retrying click action, attempt #7
  -   waiting 500ms
  -   waiting for element to be visible, enabled and stable
  -   element is not visible
  - retrying click action, attempt #8
  -   waiting 500ms
  -   waiting for element to be visible, enabled and stable
  -   element is not visible
  - retrying click action, attempt #9
  -   waiting 500ms
  -   waiting for element to be visible, enabled and stable
  -   element is not visible
  - retrying click action, attempt #10
  -   waiting 500ms
  -   waiting for element to be visible, enabled and stable
  -   element is not visible
  - retrying click action, attempt #11
  -   waiting 500ms
  -   waiting for element to be visible, enabled and stable
  -   element is not visible
  - retrying click action, attempt #12
  -   waiting 500ms
  -   waiting for element to be visible, enabled and stable
  -   element is not visible
  - retrying click action, attempt #13
  -   waiting 500ms
  -   waiting for element to be visible, enabled and stable
  -   element is not visible
  - retrying click action, attempt #14
  -   waiting 500ms
  -   waiting for element to be visible, enabled and stable
  -   element is not visible
  - retrying click action, attempt #15
  -   waiting 500ms
  -   waiting for element to be visible, enabled and stable
  -   element is not visible
  - retrying click action, attempt #16
  -   waiting 500ms
  -   waiting for element to be visible, enabled and stable
  -   element is not visible
  - retrying click action, attempt #17
  -   waiting 500ms
  -   waiting for element to be visible, enabled and stable
  -   element is not visible
  - retrying click action, attempt #18
  -   waiting 500ms
  -   waiting for element to be visible, enabled and stable
  -   element is not visible
  - retrying click action, attempt #19
  -   waiting 500ms
  -   waiting for element to be visible, enabled and stable
  -   element is not visible
  - retrying click action, attempt #20
  -   waiting 500ms
  -   waiting for element to be visible, enabled and stable
  -   element is not visible
  - retrying click action, attempt #21
  -   waiting 500ms
  -   waiting for element to be visible, enabled and stable
  Stack Trace:
     at Microsoft.Playwright.Transport.Connection.InnerSendMessageToServerAsync[T](ChannelOwner object, String method, Dictionary`2 dictionary, Boolean keepNulls) in /_/src/Playwright/Transport/Connection.cs:line 206
   at Microsoft.Playwright.Transport.Connection.WrapApiCallAsync[T](Func`1 action, Boolean isInternal) in /_/src/Playwright/Transport/Connection.cs:line 532
   at BookStore.Playwright.CartCheckoutTests.TC_C06_Checkout_Success_COD() in D:\HSU\HK4\Phat Trien Web\Final\BookStore.Playwright\CartCheckoutTests.cs:line 252
   at NUnit.Framework.Internal.TaskAwaitAdapter.GenericAdapter`1.BlockUntilCompleted()
   at NUnit.Framework.Internal.MessagePumpStrategy.NoMessagePumpStrategy.WaitForCompletion(AwaitAdapter awaiter)
   at NUnit.Framework.Internal.AsyncToSyncAdapter.Await[TResult](Func`1 invoke)
   at NUnit.Framework.Internal.AsyncToSyncAdapter.Await(Func`1 invoke)
   at NUnit.Framework.Internal.Commands.TestMethodCommand.RunTestMethod(TestExecutionContext context)
   at NUnit.Framework.Internal.Commands.TestMethodCommand.Execute(TestExecutionContext context)
   at NUnit.Framework.Internal.Commands.BeforeAndAfterTestCommand.<>c__DisplayClass1_0.<Execute>b__0()
   at NUnit.Framework.Internal.Commands.DelegatingTestCommand.RunTestMethodInThreadAbortSafeZone(TestExecutionContext context, Action action)

  Failed TC_L04_Login_WrongPassword_ShouldShowError [7 s]
  Error Message:
   Microsoft.Playwright.PlaywrightException : Locator expected to be visible 
Call log:
  - LocatorAssertions.ToBeVisibleAsync with timeout 5000ms
  - waiting for Locator(".validation-summary-errors, .text-danger, [class*='error']").First
  -   locator resolved to <span data-valmsg-for="UserName" data-valmsg-replace="true" class="text-danger small field-validation-valid"></span>
  -   unexpected value "hidden"
  -   locator resolved to <span data-valmsg-for="UserName" data-valmsg-replace="true" class="text-danger small field-validation-valid"></span>
  -   unexpected value "hidden"
  -   locator resolved to <span data-valmsg-for="UserName" data-valmsg-replace="true" class="text-danger small field-validation-valid"></span>
  -   unexpected value "hidden"
  -   locator resolved to <span data-valmsg-for="UserName" data-valmsg-replace="true" class="text-danger small field-validation-valid"></span>
  -   unexpected value "hidden"
  -   locator resolved to <span data-valmsg-for="UserName" data-valmsg-replace="true" class="text-danger small field-validation-valid"></span>
  -   unexpected value "hidden"
  -   locator resolved to <span data-valmsg-for="UserName" data-valmsg-replace="true" class="text-danger small field-validation-valid"></span>
  -   unexpected value "hidden"
  -   locator resolved to <span data-valmsg-for="UserName" data-valmsg-replace="true" class="text-danger small field-validation-valid"></span>
  -   unexpected value "hidden"
  -   locator resolved to <span data-valmsg-for="UserName" data-valmsg-replace="true" class="text-danger small field-validation-valid"></span>
  -   unexpected value "hidden"
  -   locator resolved to <span data-valmsg-for="UserName" data-valmsg-replace="true" class="text-danger small field-validation-valid"></span>
  -   unexpected value "hidden"
  Stack Trace:
     at Microsoft.Playwright.Core.AssertionsBase.ExpectImplAsync(String expression, FrameExpectOptions expectOptions, Object expected, String message) in /_/src/Playwright/Core/AssertionsBase.cs:line 84
   at Microsoft.Playwright.Core.AssertionsBase.ExpectImplAsync(String expression, ExpectedTextValue[] expectedText, Object expected, String message, FrameExpectOptions options) in /_/src/Playwright/Core/AssertionsBase.cs:line 64
   at BookStore.Playwright.LoginRegisterTests.TC_L04_Login_WrongPassword_ShouldShowError() in D:\HSU\HK4\Phat Trien Web\Final\BookStore.Playwright\LoginRegisterTests.cs:line 106
   at NUnit.Framework.Internal.TaskAwaitAdapter.GenericAdapter`1.BlockUntilCompleted()
   at NUnit.Framework.Internal.MessagePumpStrategy.NoMessagePumpStrategy.WaitForCompletion(AwaitAdapter awaiter)
   at NUnit.Framework.Internal.AsyncToSyncAdapter.Await[TResult](Func`1 invoke)
   at NUnit.Framework.Internal.AsyncToSyncAdapter.Await(Func`1 invoke)
   at NUnit.Framework.Internal.Commands.TestMethodCommand.RunTestMethod(TestExecutionContext context)
   at NUnit.Framework.Internal.Commands.TestMethodCommand.Execute(TestExecutionContext context)
   at NUnit.Framework.Internal.Commands.BeforeAndAfterTestCommand.<>c__DisplayClass1_0.<Execute>b__0()
   at NUnit.Framework.Internal.Commands.DelegatingTestCommand.RunTestMethodInThreadAbortSafeZone(TestExecutionContext context, Action action)

  Failed TC_P06_CreateProduct_PriceZero_BVA_ShouldSucceed [7 s]
  Error Message:
     Price=0 phß║úi ─æ╞░ß╗úc chß║Ñp nhß║¡n (BVA bi├¬n hß╗úp lß╗ç)
Assert.That(Page.Url, Does.Not.Contain("Create"))
  Expected: not String containing "Create"
  But was:  "https://localhost:7216/Admin/Products/Create"

  Stack Trace:
     at BookStore.Playwright.AdminProductTests.TC_P06_CreateProduct_PriceZero_BVA_ShouldSucceed() in D:\HSU\HK4\Phat Trien Web\Final\BookStore.Playwright\AdminProductTests.cs:line 127
   at NUnit.Framework.Internal.TaskAwaitAdapter.GenericAdapter`1.BlockUntilCompleted()
   at NUnit.Framework.Internal.MessagePumpStrategy.NoMessagePumpStrategy.WaitForCompletion(AwaitAdapter awaiter)
   at NUnit.Framework.Internal.AsyncToSyncAdapter.Await[TResult](Func`1 invoke)
   at NUnit.Framework.Internal.AsyncToSyncAdapter.Await(Func`1 invoke)
   at NUnit.Framework.Internal.Commands.TestMethodCommand.RunTestMethod(TestExecutionContext context)
   at NUnit.Framework.Internal.Commands.TestMethodCommand.Execute(TestExecutionContext context)
   at NUnit.Framework.Internal.Commands.BeforeAndAfterTestCommand.<>c__DisplayClass1_0.<Execute>b__0()
   at NUnit.Framework.Internal.Commands.DelegatingTestCommand.RunTestMethodInThreadAbortSafeZone(TestExecutionContext context, Action action)

1)    at BookStore.Playwright.AdminProductTests.TC_P06_CreateProduct_PriceZero_BVA_ShouldSucceed() in D:\HSU\HK4\Phat Trien Web\Final\BookStore.Playwright\AdminProductTests.cs:line 127


  Failed TC_R01_Register_ValidData_ShouldRedirectToLogin [1 s]
  Error Message:
     Sau ─æ─âng k├╜ phß║úi redirect vß╗ü Login
Assert.That(Page.Url, Does.Contain("/Account/Login"))
  Expected: String containing "/Account/Login"
  But was:  "https://localhost:7216/Account/Register"

  Stack Trace:
     at BookStore.Playwright.LoginRegisterTests.TC_R01_Register_ValidData_ShouldRedirectToLogin() in D:\HSU\HK4\Phat Trien Web\Final\BookStore.Playwright\LoginRegisterTests.cs:line 167
   at NUnit.Framework.Internal.TaskAwaitAdapter.GenericAdapter`1.BlockUntilCompleted()
   at NUnit.Framework.Internal.MessagePumpStrategy.NoMessagePumpStrategy.WaitForCompletion(AwaitAdapter awaiter)
   at NUnit.Framework.Internal.AsyncToSyncAdapter.Await[TResult](Func`1 invoke)
   at NUnit.Framework.Internal.AsyncToSyncAdapter.Await(Func`1 invoke)
   at NUnit.Framework.Internal.Commands.TestMethodCommand.RunTestMethod(TestExecutionContext context)
   at NUnit.Framework.Internal.Commands.TestMethodCommand.Execute(TestExecutionContext context)
   at NUnit.Framework.Internal.Commands.BeforeAndAfterTestCommand.<>c__DisplayClass1_0.<Execute>b__0()
   at NUnit.Framework.Internal.Commands.DelegatingTestCommand.RunTestMethodInThreadAbortSafeZone(TestExecutionContext context, Action action)

1)    at BookStore.Playwright.LoginRegisterTests.TC_R01_Register_ValidData_ShouldRedirectToLogin() in D:\HSU\HK4\Phat Trien Web\Final\BookStore.Playwright\LoginRegisterTests.cs:line 167


  Failed TC_R04_Register_DuplicateEmail_ShouldShowError [7 s]
  Error Message:
   Microsoft.Playwright.PlaywrightException : Locator expected to be visible 
Call log:
  - LocatorAssertions.ToBeVisibleAsync with timeout 5000ms
  - waiting for Locator(".validation-summary-errors, .text-danger").First
  -   locator resolved to <span data-valmsg-for="FullName" data-valmsg-replace="true" class="text-danger small field-validation-valid"></span>
  -   unexpected value "hidden"
  -   locator resolved to <span data-valmsg-for="FullName" data-valmsg-replace="true" class="text-danger small field-validation-valid"></span>
  -   unexpected value "hidden"
  -   locator resolved to <span data-valmsg-for="FullName" data-valmsg-replace="true" class="text-danger small field-validation-valid"></span>
  -   unexpected value "hidden"
  -   locator resolved to <span data-valmsg-for="FullName" data-valmsg-replace="true" class="text-danger small field-validation-valid"></span>
  -   unexpected value "hidden"
  -   locator resolved to <span data-valmsg-for="FullName" data-valmsg-replace="true" class="text-danger small field-validation-valid"></span>
  -   unexpected value "hidden"
  -   locator resolved to <span data-valmsg-for="FullName" data-valmsg-replace="true" class="text-danger small field-validation-valid"></span>
  -   unexpected value "hidden"
  -   locator resolved to <span data-valmsg-for="FullName" data-valmsg-replace="true" class="text-danger small field-validation-valid"></span>
  -   unexpected value "hidden"
  -   locator resolved to <span data-valmsg-for="FullName" data-valmsg-replace="true" class="text-danger small field-validation-valid"></span>
  -   unexpected value "hidden"
  -   locator resolved to <span data-valmsg-for="FullName" data-valmsg-replace="true" class="text-danger small field-validation-valid"></span>
  -   unexpected value "hidden"
  Stack Trace:
     at Microsoft.Playwright.Core.AssertionsBase.ExpectImplAsync(String expression, FrameExpectOptions expectOptions, Object expected, String message) in /_/src/Playwright/Core/AssertionsBase.cs:line 84
   at Microsoft.Playwright.Core.AssertionsBase.ExpectImplAsync(String expression, ExpectedTextValue[] expectedText, Object expected, String message, FrameExpectOptions options) in /_/src/Playwright/Core/AssertionsBase.cs:line 64
   at BookStore.Playwright.LoginRegisterTests.TC_R04_Register_DuplicateEmail_ShouldShowError() in D:\HSU\HK4\Phat Trien Web\Final\BookStore.Playwright\LoginRegisterTests.cs:line 202
   at NUnit.Framework.Internal.TaskAwaitAdapter.GenericAdapter`1.BlockUntilCompleted()
   at NUnit.Framework.Internal.MessagePumpStrategy.NoMessagePumpStrategy.WaitForCompletion(AwaitAdapter awaiter)
   at NUnit.Framework.Internal.AsyncToSyncAdapter.Await[TResult](Func`1 invoke)
   at NUnit.Framework.Internal.AsyncToSyncAdapter.Await(Func`1 invoke)
   at NUnit.Framework.Internal.Commands.TestMethodCommand.RunTestMethod(TestExecutionContext context)
   at NUnit.Framework.Internal.Commands.TestMethodCommand.Execute(TestExecutionContext context)
   at NUnit.Framework.Internal.Commands.BeforeAndAfterTestCommand.<>c__DisplayClass1_0.<Execute>b__0()
   at NUnit.Framework.Internal.Commands.DelegatingTestCommand.RunTestMethodInThreadAbortSafeZone(TestExecutionContext context, Action action)

Results File: D:\HSU\HK4\Phat Trien Web\Final\BookStore.Playwright\TestResults\TestResults.trx

Failed!  - Failed:    10, Passed:    17, Skipped:     0, Total:    27, Duration: 53 s - BookStore.Playwright.dll (net8.0)
